17:32:08 **** Incremental Build of configuration Debug for project test ****
make -j8 all 
arm-none-eabi-gcc "../Core/Src/main.c" -mcpu=cortex-m4 -std=gnu11 -g3 -DUSE_HAL_DRIVER -DSTM32F446xx -DDEBUG -c -I../Core/Inc -I../Drivers/STM32F4xx_HAL_Driver/Inc -I../Drivers/STM32F4xx_HAL_Driver/Inc/Legacy -I../Drivers/CMSIS/Device/ST/STM32F4xx/Include -I../Drivers/CMSIS/Include -O0 -ffunction-sections -fdata-sections -Wall -fstack-usage -MMD -MP -MF"Core/Src/main.d" -MT"Core/Src/main.o" --specs=nano.specs -mfpu=fpv4-sp-d16 -mfloat-abi=hard -mthumb -o "Core/Src/main.o"
../Core/Src/main.c: In function 'main':
../Core/Src/main.c:99:48: warning: passing argument 3 of 'HAL_I2C_Master_Transmit' discards 'volatile' qualifier from pointer target type [-Wdiscarded-qualifiers]
   HAL_I2C_Master_Transmit(&hi2c2, (0x68 << 1), &pData, 1, HAL_MAX_DELAY);
                                                ^
In file included from ../Core/Inc/stm32f4xx_hal_conf.h:356:0,
                 from ../Drivers/STM32F4xx_HAL_Driver/Inc/stm32f4xx_hal.h:30,
                 from ../Core/Inc/main.h:31,
                 from ../Core/Src/main.c:21:
../Drivers/STM32F4xx_HAL_Driver/Inc/stm32f4xx_hal_i2c.h:567:19: note: expected 'uint8_t * {aka unsigned char *}' but argument is of type 'volatile uint8_t * {aka volatile unsigned char *}'
 HAL_StatusTypeDef HAL_I2C_Master_Transmit(I2C_HandleTypeDef *hi2c, uint16_t DevAddress, uint8_t *pData, uint16_t Size, uint32_t Timeout);
                   ^~~~~~~~~~~~~~~~~~~~~~~
../Core/Src/main.c:100:47: warning: passing argument 3 of 'HAL_I2C_Master_Receive' discards 'volatile' qualifier from pointer target type [-Wdiscarded-qualifiers]
   HAL_I2C_Master_Receive(&hi2c2, (0x68 << 1), &pData, 1, HAL_MAX_DELAY);
                                               ^
In file included from ../Core/Inc/stm32f4xx_hal_conf.h:356:0,
                 from ../Drivers/STM32F4xx_HAL_Driver/Inc/stm32f4xx_hal.h:30,
                 from ../Core/Inc/main.h:31,
                 from ../Core/Src/main.c:21:
../Drivers/STM32F4xx_HAL_Driver/Inc/stm32f4xx_hal_i2c.h:568:19: note: expected 'uint8_t * {aka unsigned char *}' but argument is of type 'volatile uint8_t * {aka volatile unsigned char *}'
 HAL_StatusTypeDef HAL_I2C_Master_Receive(I2C_HandleTypeDef *hi2c, uint16_t DevAddress, uint8_t *pData, uint16_t Size, uint32_t Timeout);
                   ^~~~~~~~~~~~~~~~~~~~~~
../Core/Src/main.c:108:4: warning: implicit declaration of function 'printf' [-Wimplicit-function-declaration]
    printf("x.Raw -> %x\ty.Raw -> %x\tz.Raw -> %x\t \n\r", MPU6050.Accel_X_RAW , MPU6050.Accel_Y_RAW , MPU6050.Accel_Z_RAW);
    ^~~~~~
../Core/Src/main.c:108:4: warning: incompatible implicit declaration of built-in function 'printf'
../Core/Src/main.c:108:4: note: include '<stdio.h>' or provide a declaration of 'printf'
arm-none-eabi-gcc -o "test.elf" @"objects.list"   -mcpu=cortex-m4 -T"/home/ark/st/MPU6050_Drivers/test/STM32F446RETX_FLASH.ld" --specs=nosys.specs -Wl,-Map="test.map" -Wl,--gc-sections -static -specs=rdimon.specs -lc -lrdimon --specs=nano.specs -mfpu=fpv4-sp-d16 -mfloat-abi=hard -mthumb -u _printf_float -Wl,--start-group -lc -lm -Wl,--end-group
Finished building target: test.elf
 
arm-none-eabi-objdump -h -S  test.elf  > "test.list"
arm-none-eabi-objcopy  -O binary  test.elf  "test.bin"
arm-none-eabi-size   test.elf 
   text	   data	    bss	    dec	    hex	filename
  31412	    640	   1944	  33996	   84cc	test.elf
Finished building: default.size.stdout
 
Finished building: test.bin
 
Finished building: test.list
 
17:32:11 **** Incremental Build of configuration Debug for project test ****
make -j8 all 
arm-none-eabi-size   test.elf 
   text	   data	    bss	    dec	    hex	filename
  31412	    640	   1944	  33996	   84cc	test.elf
Finished building: default.size.stdout
 
18:25:20 **** Incremental Build of configuration Debug for project test ****
make -j8 all 
arm-none-eabi-size   test.elf 
   text	   data	    bss	    dec	    hex	filename
  31412	    640	   1944	  33996	   84cc	test.elf
Finished building: default.size.stdout
 
18:29:57 **** Incremental Build of configuration Debug for project test ****
make -j8 all 
arm-none-eabi-size   test.elf 
   text	   data	    bss	    dec	    hex	filename
  31412	    640	   1944	  33996	   84cc	test.elf
Finished building: default.size.stdout
 
