12:36:23 **** Incremental Build of configuration Debug for project MPU6050_drivers ****
make -j8 all 
arm-none-eabi-size   MPU6050_drivers.elf 
   text	   data	    bss	    dec	    hex	filename
   9588	    164	   1788	  11540	   2d14	MPU6050_drivers.elf
Finished building: default.size.stdout
 
12:40:30 **** Incremental Build of configuration Debug for project MPU6050_drivers ****
make -j8 all 
arm-none-eabi-size   MPU6050_drivers.elf 
   text	   data	    bss	    dec	    hex	filename
   9588	    164	   1788	  11540	   2d14	MPU6050_drivers.elf
Finished building: default.size.stdout
 
