16:22:11 **** Incremental Build of configuration Debug for project MPU6050_drivers ****
make -j8 all 
arm-none-eabi-gcc "../Src/main.c" -mcpu=cortex-m4 -std=gnu11 -g3 -DSTM32 -DSTM32F4 -DSTM32F446RETx -DDEBUG -DNUCLEO_F446RE -c -I../Inc -I"/home/ark/st/MPU6050_Drivers/MPU6050_drivers/MiddleWare/Inc" -O0 -ffunction-sections -fdata-sections -Wall -fstack-usage -MMD -MP -MF"Src/main.d" -MT"Src/main.o" --specs=nano.specs -mfpu=fpv4-sp-d16 -mfloat-abi=hard -mthumb -o "Src/main.o"
../Src/main.c:31:4: warning: #warning "FPU is not initialized, but the project is compiling for an FPU. Please initialize the FPU before use." [-Wcpp]
   #warning "FPU is not initialized, but the project is compiling for an FPU. Please initialize the FPU before use."
    ^~~~~~~
In file included from /home/ark/st/MPU6050_Drivers/MPU6050_drivers/MiddleWare/Inc/stm32f446xx.h:640:0,
                 from ../Inc/main.h:11,
                 from ../Src/main.c:28:
../Src/main.c: In function 'I2C1_Inits':
/home/ark/st/MPU6050_Drivers/MPU6050_drivers/MiddleWare/Inc/stm32f446xx_i2c.h:51:26: warning: large integer implicitly truncated to unsigned type [-Woverflow]
 #define I2C_SCL_SPEED_SM 0x186A0UL
                          ^
../Src/main.c:79:39: note: in expansion of macro 'I2C_SCL_SPEED_SM'
  I2C1Handle.I2C_Config.I2C_SCLSpeed = I2C_SCL_SPEED_SM;
                                       ^~~~~~~~~~~~~~~~
../Src/main.c: In function 'main':
../Src/main.c:105:37: warning: passing argument 2 of 'I2C_MasterSendData' makes pointer from integer without a cast [-Wint-conversion]
    I2C_MasterSendData( &I2C1Handle, 0x1, 0x1, MPU_ADDR);
                                     ^~~
In file included from /home/ark/st/MPU6050_Drivers/MPU6050_drivers/MiddleWare/Inc/stm32f446xx.h:640:0,
                 from ../Inc/main.h:11,
                 from ../Src/main.c:28:
/home/ark/st/MPU6050_Drivers/MPU6050_drivers/MiddleWare/Inc/stm32f446xx_i2c.h:151:6: note: expected 'uint8_t * {aka unsigned char *}' but argument is of type 'int'
 void I2C_MasterSendData(I2C_Handle_t *pI2CHandle, uint8_t *pTXBuffer, uint32_t Len, uint8_t SlaveAddr);
      ^~~~~~~~~~~~~~~~~~
arm-none-eabi-gcc -o "MPU6050_drivers.elf" @"objects.list"   -mcpu=cortex-m4 -T"/home/ark/st/MPU6050_Drivers/MPU6050_drivers/STM32F446RETX_FLASH.ld" --specs=nosys.specs -Wl,-Map="MPU6050_drivers.map" -Wl,--gc-sections -static --specs=nano.specs -mfpu=fpv4-sp-d16 -mfloat-abi=hard -mthumb -Wl,--start-group -lc -lm -Wl,--end-group
Finished building target: MPU6050_drivers.elf
 
arm-none-eabi-objdump -h -S  MPU6050_drivers.elf  > "MPU6050_drivers.list"
arm-none-eabi-objcopy  -O binary  MPU6050_drivers.elf  "MPU6050_drivers.bin"
arm-none-eabi-size   MPU6050_drivers.elf 
   text	   data	    bss	    dec	    hex	filename
   3528	     56	   1600	   5184	   1440	MPU6050_drivers.elf
Finished building: default.size.stdout
 
Finished building: MPU6050_drivers.bin
 
Finished building: MPU6050_drivers.list
 

16:22:12 Build Finished. 0 errors, 3 warnings. (took 970ms)

